// Jest Snapshot v1, https://goo.gl/fbAQLP

exports[`Компонент InputIcon Рендерится корректно (snapshot) 1`] = `
<span
  class="itpc-input-icon"
  data-testid="input-icon"
>
  <span>
    Иконка
  </span>
</span>
`;
