// Jest Snapshot v1, https://goo.gl/fbAQLP

exports[`Компонент Pagination Снимок Pagination с данными 1`] = `
<DocumentFragment>
  <div
    class="itpc-pagination"
  >
    <button
      class="itpc-pagination__btn itpc-pagination__btn_left"
      disabled=""
      type="button"
    >
      <i
        class="itpc-icon__double-arrow itpc-icon__double-arrow_orientation_left"
      >
        <svg
          height="8"
          viewBox="0 0 12 8"
          width="12"
          xmlns="http://www.w3.org/2000/svg"
        >
          <path
            d="M10.5134 0L6 4.82292L1.48659 0L0 1.58854L6 8L12 1.58854L10.5134 0Z"
          />
        </svg>
        <svg
          height="8"
          viewBox="0 0 12 8"
          width="12"
          xmlns="http://www.w3.org/2000/svg"
        >
          <path
            d="M10.5134 0L6 4.82292L1.48659 0L0 1.58854L6 8L12 1.58854L10.5134 0Z"
          />
        </svg>
      </i>
    </button>
    <button
      class="itpc-pagination__btn itpc-pagination__btn_left"
      disabled=""
      type="button"
    >
      <i
        class="itpc-icon__arrow itpc-icon__arrow_orientation_left"
      >
        <svg
          height="8"
          viewBox="0 0 12 8"
          width="12"
          xmlns="http://www.w3.org/2000/svg"
        >
          <path
            d="M10.5134 0L6 4.82292L1.48659 0L0 1.58854L6 8L12 1.58854L10.5134 0Z"
          />
        </svg>
      </i>
    </button>
    <div
      class="itpc-pagination__pages"
    >
      <button
        class="itpc-pagination__btn itpc-pagination__btn_page itpc-pagination__btn_page_active"
        type="button"
      >
        1
      </button>
      <button
        class="itpc-pagination__btn itpc-pagination__btn_page"
        type="button"
      >
        2
      </button>
      <button
        class="itpc-pagination__btn itpc-pagination__btn_page"
        type="button"
      >
        3
      </button>
      <p
        class="itpc-pagination__text"
      >
        ...
      </p>
      <button
        class="itpc-pagination__btn itpc-pagination__btn_page"
        type="button"
      >
        10
      </button>
    </div>
    <button
      class="itpc-pagination__btn itpc-pagination__btn_right"
      type="button"
    >
      <i
        class="itpc-icon__arrow itpc-icon__arrow_orientation_right"
      >
        <svg
          height="8"
          viewBox="0 0 12 8"
          width="12"
          xmlns="http://www.w3.org/2000/svg"
        >
          <path
            d="M10.5134 0L6 4.82292L1.48659 0L0 1.58854L6 8L12 1.58854L10.5134 0Z"
          />
        </svg>
      </i>
    </button>
    <button
      class="itpc-pagination__btn itpc-pagination__btn_right"
      type="button"
    >
      <i
        class="itpc-icon__double-arrow itpc-icon__double-arrow_orientation_right"
      >
        <svg
          height="8"
          viewBox="0 0 12 8"
          width="12"
          xmlns="http://www.w3.org/2000/svg"
        >
          <path
            d="M10.5134 0L6 4.82292L1.48659 0L0 1.58854L6 8L12 1.58854L10.5134 0Z"
          />
        </svg>
        <svg
          height="8"
          viewBox="0 0 12 8"
          width="12"
          xmlns="http://www.w3.org/2000/svg"
        >
          <path
            d="M10.5134 0L6 4.82292L1.48659 0L0 1.58854L6 8L12 1.58854L10.5134 0Z"
          />
        </svg>
      </i>
    </button>
  </div>
</DocumentFragment>
`;
